---
source: tests/integration/completion.rs
expression: response
---
[
  "IncludedStruct",
  "IncludedTable",
  "int",
  "int16",
  "int32",
  "int64",
  "string",
  "uint",
  "uint16",
  "uint32",
  "uint64"
]
