---
source: tests/integration/completion.rs
expression: response
---
[
  "id: 1"
]
