---
source: tests/integration/completion.rs
expression: response
---
[
  "table"
]
