---
source: tests/integration/completion.rs
expression: response
---
[
  "AnotherTable",
  "MyTable"
]
